// Jest Snapshot v1, https://goo.gl/fbAQLP

exports[`Home snapshot renders 1`] = `
<main
  className="flex min-h-screen flex-col items-center justify-between p-24"
>
  <h3>
    Hello World!
  </h3>
</main>
`;
