// Jest Snapshot v1, https://goo.gl/fbAQLP

exports[`Search snapshot renders 1`] = `
<div
  className="flex min-h-screen flex-col items-center justify-between p-24"
>
  <h3>
    Movies
  </h3>
  <ul />
</div>
`;
